// Jest Snapshot v1, https://goo.gl/fbAQLP

exports[`Molkky should use data from UPDATE socket event 1`] = `
<div>
  <div
    class="section no-pad-bot"
  >
    <div
      class="container"
    >
      <h1>
        Yo
      </h1>
      <table
        class="striped"
      >
        <thead>
          <tr>
            <th
              style="width: 25%;"
            >
              Mac
            </th>
            <th
              style="width: 25%;"
            >
              Value
            </th>
            <th
              style="width: 25%;"
            >
              Position
            </th>
            <th
              style="width: 25%;"
            >
              Battery
            </th>
          </tr>
        </thead>
        <tbody>
          <tr>
            <td
              style="width: 25%;"
            >
              123qwe123
            </td>
            <td
              style="width: 25%;"
            />
            <td
              style="width: 25%;"
            >
              UPRIGHT
            </td>
            <td
              style="width: 25%;"
            >
              99
            </td>
          </tr>
          <tr>
            <td
              style="width: 25%;"
            >
              456rty789
            </td>
            <td
              style="width: 25%;"
            />
            <td
              style="width: 25%;"
            >
              KNOCKED_OVER
            </td>
            <td
              style="width: 25%;"
            >
              43
            </td>
          </tr>
          <tr>
            <td
              style="width: 25%;"
            >
              102ajd647
            </td>
            <td
              style="width: 25%;"
            />
            <td
              style="width: 25%;"
            />
            <td
              style="width: 25%;"
            >
              11
            </td>
          </tr>
        </tbody>
      </table>
    </div>
  </div>
</div>
`;
