// Jest Snapshot v1, https://goo.gl/fbAQLP

exports[`MenuLinks should render the component correctly: mobile menu link props 1`] = `
Object {
  "children": <i
    className="material-icons"
  >
    menu
  </i>,
  "className": "sidenav-trigger right",
  "data-target": "mobile-menu",
  "href": "/molkky/game",
}
`;

exports[`MenuLinks should render the component correctly: mobile menu props 1`] = `
Object {
  "className": "right hide-on-med-and-down",
  "id": "",
  "style": Object {
    "marginTop": "0.4rem",
  },
}
`;
