// Jest Snapshot v1, https://goo.gl/fbAQLP

exports[`LoadingBar should render the component correctly 1`] = `
<div
  style={
    Object {
      "background": "#fff",
      "height": "2.2rem",
      "left": 0,
      "position": "fixed",
      "top": 0,
      "width": "100%",
      "zIndex": 10,
    }
  }
>
  <div
    className="progress teal darken-4"
    style={
      Object {
        "height": "1rem",
      }
    }
  >
    <div
      className="indeterminate"
    />
  </div>
</div>
`;
